// Jest Snapshot v1, https://goo.gl/fbAQLP

exports[`test Input Field component snapshot testing 1`] = `
<div
  class="MuiFormControl-root MuiFormControl-fullWidth MuiTextField-root css-1rqu6xr-MuiFormControl-root-MuiTextField-root"
>
  <label
    class="MuiInputLabel-root MuiInputLabel-formControl MuiInputLabel-animated MuiInputLabel-outlined MuiFormLabel-root MuiFormLabel-colorPrimary css-14s5rfu-MuiFormLabel-root-MuiInputLabel-root"
    data-shrink="false"
    for="outlined-name"
    id="outlined-name-label"
  >
    Name
  </label>
  <div
    class="MuiOutlinedInput-root MuiInputBase-root MuiInputBase-colorPrimary MuiInputBase-fullWidth MuiInputBase-formControl css-md26zr-MuiInputBase-root-MuiOutlinedInput-root"
  >
    <input
      aria-invalid="false"
      class="MuiOutlinedInput-input MuiInputBase-input css-1t8l2tu-MuiInputBase-input-MuiOutlinedInput-input"
      id="outlined-name"
      type="text"
      value=""
    />
    <fieldset
      aria-hidden="true"
      class="MuiOutlinedInput-notchedOutline css-1d3z3hw-MuiOutlinedInput-notchedOutline"
    >
      <legend
        class="css-1ftyaf0"
      >
        <span>
          Name
        </span>
      </legend>
    </fieldset>
  </div>
</div>
`;
